~/test-1-chatur76$ gcc -g p2original.c
~/test-1-chatur76$ gdb a.out
GNU gdb (Ubuntu 8.1.1-0ubuntu1) 8.1.1
Copyright (C) 2018 Free Software Foundation, Inc.
License GPLv3+: GNU GPL version 3 or later <http://gnu.org/licenses/gpl.html>
This is free software: you are free to change and redistribute it.
There is NO WARRANTY, to the extent permitted by law.  Type "show copying"
and "show warranty" for details.
This GDB was configured as "x86_64-linux-gnu".
Type "show configuration" for configuration details.
For bug reporting instructions, please see:
<http://www.gnu.org/software/gdb/bugs/>.
Find the GDB manual and other documentation resources online at:
<http://www.gnu.org/software/gdb/documentation/>.
For help, type "help".
Type "apropos word" to search for commands related to "word"...
Reading symbols from a.out...done.
(gdb) break main
Breakpoint 1 at 0x772: file p2original.c, line 8.
(gdb) r
Starting program: /home/runner/test-1-chatur76/a.out 
warning: Error disabling address space randomization: Operation not permitted

Breakpoint 1, main () at p2original.c:8
8     a=input();
(gdb) s
input () at p2original.c:16
16  {
(gdb) s
18    printf("enter a number:\n");
(gdb) s
_IO_puts (str=0x55ef64c008f8 "enter a number:") at ioputs.c:33
33  ioputs.c: No such file or directory.
(gdb) c
Continuing.
enter a number:
7 8
enter a number:
the sum of two given numbers is 15.00[Inferior 1 (process 169) exited normally]
(gdb) Quit
(gdb) 